{
  "dedupe_limited_unknown_aircraft": 3482,
  "export_validation": {
    "export_path": "data/logs/ntsb_enrichment_audit_rows.jsonl",
    "file_counts": {
      "skipped_deduped_asn_covered": 61,
      "viable_with_broken_link": 2992,
      "viable_with_working_link": 657
    },
    "matched": true,
    "mismatches": [],
    "other_count": 3053,
    "to_add_count": 657,
    "total_lines": 3710
  },
  "input_path": "data/raw/ntsb_records_full.json",
  "link_checks_skipped": 0,
  "notes": {
    "unknown_aircraft_dedupe": "When aircraft_id is not found in v3 DB, ASN dedupe is not run; records are included in viable_unique with unknown_aircraft=true (FR-6.2)."
  },
  "options": {
    "check_links": true,
    "export_rows": "data/logs/ntsb_enrichment_audit_rows.jsonl",
    "include_unknown_aircraft": true,
    "max_link_checks": null,
    "per_domain_delay": 0.2,
    "window_days": 7
  },
  "parsed": 3710,
  "samples": {
    "skipped_deduped_asn_covered": [
      {
        "aircraft_id": 20,
        "closest_asn_match": {
          "asn_url": "https://aviation-safety.net/wikibase/370471",
          "date": "2001-08-09",
          "decision": {
            "asn_covered": true,
            "days_apart": 0,
            "location_ratio": 100,
            "operator_ratio": 0,
            "signals": {
              "date_close": true,
              "fatalities_close": false,
              "location_close": true,
              "operator_close": false
            }
          },
          "fatalities": 0,
          "incident_id": 1133,
          "location": "Klamath Falls, OR",
          "operator": "Southwest Airlines"
        },
        "date": "2001-08-09",
        "fatalities": null,
        "location": "Klamath Falls, OR",
        "make_model": "Boeing 737-500",
        "ntsb_url": null,
        "operator": null,
        "source_record_id": "LAX01LA275",
        "unknown_aircraft": false
      },
      {
        "aircraft_id": 35,
        "closest_asn_match": {
          "asn_url": "https://aviation-safety.net/wikibase/309644",
          "date": "2001-03-16",
          "decision": {
            "asn_covered": true,
            "days_apart": 0,
            "location_ratio": 100,
            "operator_ratio": 100,
            "signals": {
              "date_close": true,
              "fatalities_close": false,
              "location_close": true,
              "operator_close": true
            }
          },
          "fatalities": 0,
          "incident_id": 2192,
          "location": "Puerto Plata",
          "operator": "City Bird"
        },
        "date": "2001-03-16",
        "fatalities": null,
        "location": "PUERTO PLATA, None",
        "make_model": "Boeing 767-300",
        "ntsb_url": null,
        "operator": "CITY BIRD",
        "source_record_id": "MIA01WA100",
        "unknown_aircraft": false
      },
      {
        "aircraft_id": 19,
        "closest_asn_match": {
          "asn_url": "https://aviation-safety.net/wikibase/323330",
          "date": "2001-03-03",
          "decision": {
            "asn_covered": true,
            "days_apart": 0,
            "location_ratio": 74,
            "operator_ratio": 100,
            "signals": {
              "date_close": true,
              "fatalities_close": true,
              "location_close": false,
              "operator_close": true
            }
          },
          "fatalities": 1,
          "incident_id": 1075,
          "location": "Bangkok International Airport (BKK)",
          "operator": "Thai Airways International"
        },
        "date": "2001-03-03",
        "fatalities": 1,
        "location": "Bangkok, None",
        "make_model": "Boeing 737-400",
        "ntsb_url": null,
        "operator": "THAI AIRWAYS INTERNATIONAL LTD",
        "source_record_id": "DCA01RA024",
        "unknown_aircraft": false
      },
      {
        "aircraft_id": 27,
        "closest_asn_match": {
          "asn_url": "https://aviation-safety.net/wikibase/567925",
          "date": "2001-02-04",
          "decision": {
            "asn_covered": true,
            "days_apart": 0,
            "location_ratio": 73,
            "operator_ratio": 100,
            "signals": {
              "date_close": true,
              "fatalities_close": false,
              "location_close": false,
              "operator_close": true
            }
          },
          "fatalities": 0,
          "incident_id": 1662,
          "location": "Pointe-\u00e0-Pitre",
          "operator": "Air France"
        },
        "date": "2001-02-04",
        "fatalities": null,
        "location": "POINT A PITRE, None",
        "make_model": "Boeing 747-300",
        "ntsb_url": null,
        "operator": "Air France",
        "source_record_id": "DCA01WA020",
        "unknown_aircraft": false
      },
      {
        "aircraft_id": 28,
        "closest_asn_match": {
          "asn_url": "https://aviation-safety.net/wikibase/323401",
          "date": "2000-10-31",
          "decision": {
            "asn_covered": true,
            "days_apart": 0,
            "location_ratio": 71,
            "operator_ratio": 100,
            "signals": {
              "date_close": true,
              "fatalities_close": true,
              "location_close": false,
              "operator_close": true
            }
          },
          "fatalities": 83,
          "incident_id": 1768,
          "location": "Taipei-Chiang Kai Shek Airport (TPE)",
          "operator": "Singapore Airlines"
        },
        "date": "2000-10-31",
        "fatalities": 83,
        "location": "Taipei, None",
        "make_model": "Boeing 747-400",
        "ntsb_url": null,
        "operator": "SINGAPORE AIRLINES LTD",
        "source_record_id": "DCA01RA002",
        "unknown_aircraft": false
      },
      {
        "aircraft_id": 34,
        "closest_asn_match": {
          "asn_url": "https://aviation-safety.net/wikibase/298962",
          "date": "2000-05-24",
          "decision": {
            "asn_covered": true,
            "days_apart": 0,
            "location_ratio": 100,
            "operator_ratio": 0,
            "signals": {
              "date_close": true,
              "fatalities_close": false,
              "location_close": true,
              "operator_close": false
            }
          },
          "fatalities": 0,
          "incident_id": 2078,
          "location": "Seattle-Boeing Field International Airport, WA (BFI/KBFI)",
          "operator": "ABX Air"
        },
        "date": "2000-05-24",
        "fatalities": null,
        "location": "SEATTLE, WA",
        "make_model": "Boeing 767-200",
        "ntsb_url": null,
        "operator": null,
        "source_record_id": "SEA00LA094",
        "unknown_aircraft": false
      },
      {
        "aircraft_id": 20,
        "closest_asn_match": {
          "asn_url": "https://aviation-safety.net/wikibase/205788",
          "date": "2000-05-20",
          "decision": {
            "asn_covered": true,
            "days_apart": 0,
            "location_ratio": 100,
            "operator_ratio": 100,
            "signals": {
              "date_close": true,
              "fatalities_close": false,
              "location_close": true,
              "operator_close": true
            }
          },
          "fatalities": 0,
          "incident_id": 1130,
          "location": "Nashville International Airport, TN (BNA/KBNA)",
          "operator": "Southwest Airlines"
        },
        "date": "2000-05-20",
        "fatalities": null,
        "location": "NASHVILLE, TN",
        "make_model": "Boeing 737-500",
        "ntsb_url": null,
        "operator": "SOUTHWEST AIRLINES CO.",
        "source_record_id": "MIA00LA169",
        "unknown_aircraft": false
      },
      {
        "aircraft_id": 19,
        "closest_asn_match": {
          "asn_url": "https://aviation-safety.net/wikibase/352356",
          "date": "1999-11-11",
          "decision": {
            "asn_covered": true,
            "days_apart": 0,
            "location_ratio": 100,
            "operator_ratio": 100,
            "signals": {
              "date_close": true,
              "fatalities_close": false,
              "location_close": true,
              "operator_close": true
            }
          },
          "fatalities": 0,
          "incident_id": 1067,
          "location": "near Portland, OR",
          "operator": "Alaska Airlines"
        },
        "date": "1999-11-11",
        "fatalities": null,
        "location": "PORTLAND, OR",
        "make_model": "Boeing 737-400",
        "ntsb_url": null,
        "operator": "ALASKA AIRLINES",
        "source_record_id": "SEA00IA019",
        "unknown_aircraft": false
      },
      {
        "aircraft_id": 19,
        "closest_asn_match": {
          "asn_url": "https://aviation-safety.net/wikibase/352382",
          "date": "1999-11-02",
          "decision": {
            "asn_covered": true,
            "days_apart": 0,
            "location_ratio": 100,
            "operator_ratio": 100,
            "signals": {
              "date_close": true,
              "fatalities_close": false,
              "location_close": true,
              "operator_close": true
            }
          },
          "fatalities": 0,
          "incident_id": 1065,
          "location": "Juneau International Airport, AK (JNU/PAJN)",
          "operator": "Alaska Airlines"
        },
        "date": "1999-11-02",
        "fatalities": null,
        "location": "JUNEAU, AK",
        "make_model": "Boeing 737-400",
        "ntsb_url": null,
        "operator": "ALASKA AIRLINES",
        "source_record_id": "ANC00IA010",
        "unknown_aircraft": false
      },
      {
        "aircraft_id": 28,
        "closest_asn_match": {
          "asn_url": "https://aviation-safety.net/wikibase/323664",
          "date": "1999-09-23",
          "decision": {
            "asn_covered": true,
            "days_apart": 0,
            "location_ratio": 74,
            "operator_ratio": 100,
            "signals": {
              "date_close": true,
              "fatalities_close": false,
              "location_close": false,
              "operator_close": true
            }
          },
          "fatalities": 0,
          "incident_id": 1760,
          "location": "Bangkok International Airport (BKK)",
          "operator": "Qantas"
        },
        "date": "1999-09-23",
        "fatalities": null,
        "location": "BANGKOK, None",
        "make_model": "Boeing 747-400",
        "ntsb_url": null,
        "operator": "QANTAS AIRLINES, INC.",
        "source_record_id": "DCA99WA086",
        "unknown_aircraft": false
      }
    ],
    "skipped_unreleased_docket": [
      {
        "aircraft_id": null,
        "closest_asn_match": null,
        "date": "1988-06-26",
        "fatalities": null,
        "link_reason": "docket_not_released",
        "link_viable": false,
        "location": "SALISBURY, MD",
        "make_model": "BOEING 737",
        "ntsb_url": null,
        "operator": "UNITED AIRLINES",
        "source_record_id": "BFO88LA061",
        "unknown_aircraft": true
      },
      {
        "aircraft_id": null,
        "closest_asn_match": null,
        "date": "1988-06-17",
        "fatalities": null,
        "link_reason": "docket_not_released",
        "link_viable": false,
        "location": "CURACAO, None",
        "make_model": "BOEING 747-100",
        "ntsb_url": null,
        "operator": "FLYING TIGERS",
        "source_record_id": "MIA88WA194",
        "unknown_aircraft": true
      },
      {
        "aircraft_id": null,
        "closest_asn_match": null,
        "date": "1988-06-12",
        "fatalities": null,
        "link_reason": "docket_not_released",
        "link_viable": false,
        "location": "SEATTLE, WA",
        "make_model": "BOEING 727-200",
        "ntsb_url": null,
        "operator": "ALASKA AIRLINES, INC.",
        "source_record_id": "SEA88IA108",
        "unknown_aircraft": true
      },
      {
        "aircraft_id": null,
        "closest_asn_match": null,
        "date": "1988-06-11",
        "fatalities": null,
        "link_reason": "docket_not_released",
        "link_viable": false,
        "location": "MARLBORO, NJ",
        "make_model": "BOEING A75N1",
        "ntsb_url": null,
        "operator": null,
        "source_record_id": "NYC88LA164",
        "unknown_aircraft": true
      },
      {
        "aircraft_id": null,
        "closest_asn_match": null,
        "date": "1988-06-01",
        "fatalities": null,
        "link_reason": "docket_not_released",
        "link_viable": false,
        "location": "JAMAICA, NY",
        "make_model": "BOEING 747-200",
        "ntsb_url": null,
        "operator": null,
        "source_record_id": "DCA88IA060",
        "unknown_aircraft": true
      },
      {
        "aircraft_id": null,
        "closest_asn_match": null,
        "date": "1988-05-24",
        "fatalities": null,
        "link_reason": "docket_not_released",
        "link_viable": false,
        "location": "NEW ORLEANS, LA",
        "make_model": "BOEING 737-3T0",
        "ntsb_url": null,
        "operator": "TACA INTERNATIONAL AIRLINES",
        "source_record_id": "FTW88IA109",
        "unknown_aircraft": true
      },
      {
        "aircraft_id": null,
        "closest_asn_match": null,
        "date": "1988-05-23",
        "fatalities": null,
        "link_reason": "docket_not_released",
        "link_viable": false,
        "location": "NEAR SAN JUAN, PR",
        "make_model": "AIRBUS INDUSTRIE A-300",
        "ntsb_url": null,
        "operator": "PAN AMERICAN WORLD AIRWAYS",
        "source_record_id": "MIA88IA176",
        "unknown_aircraft": true
      },
      {
        "aircraft_id": null,
        "closest_asn_match": null,
        "date": "1988-05-13",
        "fatalities": null,
        "link_reason": "docket_not_released",
        "link_viable": false,
        "location": "MIAMI, FL",
        "make_model": "BOEING HP-B-377",
        "ntsb_url": null,
        "operator": "AEROCHAGO AIRLINE S.A.",
        "source_record_id": "MIA88LA169",
        "unknown_aircraft": true
      },
      {
        "aircraft_id": null,
        "closest_asn_match": null,
        "date": "1988-05-11",
        "fatalities": null,
        "link_reason": "docket_not_released",
        "link_viable": false,
        "location": "DETROIT, MI",
        "make_model": "BOEING 737-222",
        "ntsb_url": null,
        "operator": "UNITED AIRLINES",
        "source_record_id": "CHI88IA111",
        "unknown_aircraft": true
      },
      {
        "aircraft_id": null,
        "closest_asn_match": null,
        "date": "1988-05-11",
        "fatalities": null,
        "link_reason": "docket_not_released",
        "link_viable": false,
        "location": "SACRAMENTO, CA",
        "make_model": "BOEING A75N1",
        "ntsb_url": null,
        "operator": "REDMAX INC.",
        "source_record_id": "LAX88LA178",
        "unknown_aircraft": true
      }
    ],
    "unknown_aircraft_included": [
      {
        "aircraft_id": null,
        "closest_asn_match": null,
        "date": "1988-06-26",
        "fatalities": null,
        "location": "SALISBURY, MD",
        "make_model": "BOEING 737",
        "ntsb_url": null,
        "operator": "UNITED AIRLINES",
        "source_record_id": "BFO88LA061",
        "unknown_aircraft": true
      },
      {
        "aircraft_id": null,
        "closest_asn_match": null,
        "date": "1988-06-17",
        "fatalities": null,
        "location": "CURACAO, None",
        "make_model": "BOEING 747-100",
        "ntsb_url": null,
        "operator": "FLYING TIGERS",
        "source_record_id": "MIA88WA194",
        "unknown_aircraft": true
      },
      {
        "aircraft_id": null,
        "closest_asn_match": null,
        "date": "1988-06-12",
        "fatalities": null,
        "location": "SEATTLE, WA",
        "make_model": "BOEING 727-200",
        "ntsb_url": null,
        "operator": "ALASKA AIRLINES, INC.",
        "source_record_id": "SEA88IA108",
        "unknown_aircraft": true
      },
      {
        "aircraft_id": null,
        "closest_asn_match": null,
        "date": "1988-06-11",
        "fatalities": null,
        "location": "MARLBORO, NJ",
        "make_model": "BOEING A75N1",
        "ntsb_url": null,
        "operator": null,
        "source_record_id": "NYC88LA164",
        "unknown_aircraft": true
      },
      {
        "aircraft_id": null,
        "closest_asn_match": null,
        "date": "1988-06-01",
        "fatalities": null,
        "location": "JAMAICA, NY",
        "make_model": "BOEING 747-200",
        "ntsb_url": null,
        "operator": null,
        "source_record_id": "DCA88IA060",
        "unknown_aircraft": true
      },
      {
        "aircraft_id": null,
        "closest_asn_match": null,
        "date": "1988-05-24",
        "fatalities": null,
        "location": "NEW ORLEANS, LA",
        "make_model": "BOEING 737-3T0",
        "ntsb_url": null,
        "operator": "TACA INTERNATIONAL AIRLINES",
        "source_record_id": "FTW88IA109",
        "unknown_aircraft": true
      },
      {
        "aircraft_id": null,
        "closest_asn_match": null,
        "date": "1988-05-23",
        "fatalities": null,
        "location": "NEAR SAN JUAN, PR",
        "make_model": "AIRBUS INDUSTRIE A-300",
        "ntsb_url": null,
        "operator": "PAN AMERICAN WORLD AIRWAYS",
        "source_record_id": "MIA88IA176",
        "unknown_aircraft": true
      },
      {
        "aircraft_id": null,
        "closest_asn_match": null,
        "date": "1988-05-13",
        "fatalities": null,
        "location": "MIAMI, FL",
        "make_model": "BOEING HP-B-377",
        "ntsb_url": null,
        "operator": "AEROCHAGO AIRLINE S.A.",
        "source_record_id": "MIA88LA169",
        "unknown_aircraft": true
      },
      {
        "aircraft_id": null,
        "closest_asn_match": null,
        "date": "1988-05-11",
        "fatalities": null,
        "location": "DETROIT, MI",
        "make_model": "BOEING 737-222",
        "ntsb_url": null,
        "operator": "UNITED AIRLINES",
        "source_record_id": "CHI88IA111",
        "unknown_aircraft": true
      },
      {
        "aircraft_id": null,
        "closest_asn_match": null,
        "date": "1988-05-11",
        "fatalities": null,
        "location": "SACRAMENTO, CA",
        "make_model": "BOEING A75N1",
        "ntsb_url": null,
        "operator": "REDMAX INC.",
        "source_record_id": "LAX88LA178",
        "unknown_aircraft": true
      }
    ],
    "viable_with_broken_link": [
      {
        "aircraft_id": null,
        "closest_asn_match": null,
        "date": "1988-06-26",
        "fatalities": null,
        "link_reason": "docket_not_released",
        "link_viable": false,
        "location": "SALISBURY, MD",
        "make_model": "BOEING 737",
        "ntsb_url": null,
        "operator": "UNITED AIRLINES",
        "source_record_id": "BFO88LA061",
        "unknown_aircraft": true
      },
      {
        "aircraft_id": null,
        "closest_asn_match": null,
        "date": "1988-06-17",
        "fatalities": null,
        "link_reason": "docket_not_released",
        "link_viable": false,
        "location": "CURACAO, None",
        "make_model": "BOEING 747-100",
        "ntsb_url": null,
        "operator": "FLYING TIGERS",
        "source_record_id": "MIA88WA194",
        "unknown_aircraft": true
      },
      {
        "aircraft_id": null,
        "closest_asn_match": null,
        "date": "1988-06-12",
        "fatalities": null,
        "link_reason": "docket_not_released",
        "link_viable": false,
        "location": "SEATTLE, WA",
        "make_model": "BOEING 727-200",
        "ntsb_url": null,
        "operator": "ALASKA AIRLINES, INC.",
        "source_record_id": "SEA88IA108",
        "unknown_aircraft": true
      },
      {
        "aircraft_id": null,
        "closest_asn_match": null,
        "date": "1988-06-11",
        "fatalities": null,
        "link_reason": "docket_not_released",
        "link_viable": false,
        "location": "MARLBORO, NJ",
        "make_model": "BOEING A75N1",
        "ntsb_url": null,
        "operator": null,
        "source_record_id": "NYC88LA164",
        "unknown_aircraft": true
      },
      {
        "aircraft_id": null,
        "closest_asn_match": null,
        "date": "1988-06-01",
        "fatalities": null,
        "link_reason": "docket_not_released",
        "link_viable": false,
        "location": "JAMAICA, NY",
        "make_model": "BOEING 747-200",
        "ntsb_url": null,
        "operator": null,
        "source_record_id": "DCA88IA060",
        "unknown_aircraft": true
      },
      {
        "aircraft_id": null,
        "closest_asn_match": null,
        "date": "1988-05-24",
        "fatalities": null,
        "link_reason": "docket_not_released",
        "link_viable": false,
        "location": "NEW ORLEANS, LA",
        "make_model": "BOEING 737-3T0",
        "ntsb_url": null,
        "operator": "TACA INTERNATIONAL AIRLINES",
        "source_record_id": "FTW88IA109",
        "unknown_aircraft": true
      },
      {
        "aircraft_id": null,
        "closest_asn_match": null,
        "date": "1988-05-23",
        "fatalities": null,
        "link_reason": "docket_not_released",
        "link_viable": false,
        "location": "NEAR SAN JUAN, PR",
        "make_model": "AIRBUS INDUSTRIE A-300",
        "ntsb_url": null,
        "operator": "PAN AMERICAN WORLD AIRWAYS",
        "source_record_id": "MIA88IA176",
        "unknown_aircraft": true
      },
      {
        "aircraft_id": null,
        "closest_asn_match": null,
        "date": "1988-05-13",
        "fatalities": null,
        "link_reason": "docket_not_released",
        "link_viable": false,
        "location": "MIAMI, FL",
        "make_model": "BOEING HP-B-377",
        "ntsb_url": null,
        "operator": "AEROCHAGO AIRLINE S.A.",
        "source_record_id": "MIA88LA169",
        "unknown_aircraft": true
      },
      {
        "aircraft_id": null,
        "closest_asn_match": null,
        "date": "1988-05-11",
        "fatalities": null,
        "link_reason": "docket_not_released",
        "link_viable": false,
        "location": "DETROIT, MI",
        "make_model": "BOEING 737-222",
        "ntsb_url": null,
        "operator": "UNITED AIRLINES",
        "source_record_id": "CHI88IA111",
        "unknown_aircraft": true
      },
      {
        "aircraft_id": null,
        "closest_asn_match": null,
        "date": "1988-05-11",
        "fatalities": null,
        "link_reason": "docket_not_released",
        "link_viable": false,
        "location": "SACRAMENTO, CA",
        "make_model": "BOEING A75N1",
        "ntsb_url": null,
        "operator": "REDMAX INC.",
        "source_record_id": "LAX88LA178",
        "unknown_aircraft": true
      }
    ],
    "viable_with_working_link": [
      {
        "aircraft_id": null,
        "closest_asn_match": null,
        "date": "2001-09-11",
        "fatalities": 44,
        "link_reason": null,
        "link_viable": true,
        "location": "Shanksville, PA",
        "make_model": "Boeing 757",
        "ntsb_url": "https://data.ntsb.gov/Docket/?NTSBNumber=DCA01MA065",
        "operator": "United Airlines",
        "source_record_id": "DCA01MA065",
        "unknown_aircraft": true
      },
      {
        "aircraft_id": null,
        "closest_asn_match": null,
        "date": "2001-07-24",
        "fatalities": null,
        "link_reason": null,
        "link_viable": true,
        "location": "Union Gap, WA",
        "make_model": "Boeing Helicopters Div. H500D",
        "ntsb_url": "https://data.ntsb.gov/Docket/?NTSBNumber=SEA01TA143",
        "operator": null,
        "source_record_id": "SEA01TA143",
        "unknown_aircraft": true
      },
      {
        "aircraft_id": null,
        "closest_asn_match": null,
        "date": "2001-03-17",
        "fatalities": null,
        "link_reason": null,
        "link_viable": true,
        "location": "Detroit, MI",
        "make_model": "Airbus Industrie A320-200",
        "ntsb_url": "https://data.ntsb.gov/Docket/?NTSBNumber=CHI01FA104",
        "operator": null,
        "source_record_id": "CHI01FA104",
        "unknown_aircraft": true
      },
      {
        "aircraft_id": null,
        "closest_asn_match": null,
        "date": "2000-11-20",
        "fatalities": 1,
        "link_reason": null,
        "link_viable": true,
        "location": "MIAMI, FL",
        "make_model": "Airbus Industrie A300B4-605R",
        "ntsb_url": "https://data.ntsb.gov/Docket/?NTSBNumber=MIA01FA029",
        "operator": "AMERICAN AIRLINES",
        "source_record_id": "MIA01FA029",
        "unknown_aircraft": true
      },
      {
        "aircraft_id": null,
        "closest_asn_match": null,
        "date": "2000-03-30",
        "fatalities": null,
        "link_reason": null,
        "link_viable": true,
        "location": "NEW YORK CITY, NY",
        "make_model": "Boeing 767-332",
        "ntsb_url": "https://data.ntsb.gov/Docket/?NTSBNumber=IAD00IA032",
        "operator": "DELTA AIRLINES",
        "source_record_id": "IAD00IA032",
        "unknown_aircraft": true
      },
      {
        "aircraft_id": 18,
        "closest_asn_match": null,
        "date": "2000-03-05",
        "fatalities": null,
        "link_reason": null,
        "link_viable": true,
        "location": "BURBANK, CA",
        "make_model": "Boeing 737-300",
        "ntsb_url": "https://data.ntsb.gov/Docket/?NTSBNumber=DCA00MA030",
        "operator": "SOUTHWEST AIRLINES CO",
        "source_record_id": "DCA00MA030",
        "unknown_aircraft": false
      },
      {
        "aircraft_id": null,
        "closest_asn_match": null,
        "date": "1999-12-24",
        "fatalities": null,
        "link_reason": null,
        "link_viable": true,
        "location": "SALT LAKE CITY, UT",
        "make_model": "Boeing 737-347",
        "ntsb_url": "https://data.ntsb.gov/Docket/?NTSBNumber=DEN00IA032",
        "operator": "DELTA AIRLINES",
        "source_record_id": "DEN00IA032",
        "unknown_aircraft": true
      },
      {
        "aircraft_id": 17,
        "closest_asn_match": null,
        "date": "1998-11-01",
        "fatalities": null,
        "link_reason": null,
        "link_viable": true,
        "location": "ATLANTA, GA",
        "make_model": "Boeing 737-200",
        "ntsb_url": "https://data.ntsb.gov/Docket/?NTSBNumber=DCA99MA007",
        "operator": "AIRTRAN AIRWAYS INC",
        "source_record_id": "DCA99MA007",
        "unknown_aircraft": false
      },
      {
        "aircraft_id": null,
        "closest_asn_match": null,
        "date": "1998-10-07",
        "fatalities": null,
        "link_reason": null,
        "link_viable": true,
        "location": "MIAMI, FL",
        "make_model": "Boeing 727-224",
        "ntsb_url": "https://data.ntsb.gov/Docket/?NTSBNumber=MIA99FA005",
        "operator": "CONTINENTAL AIRLINES, INC.",
        "source_record_id": "MIA99FA005",
        "unknown_aircraft": true
      },
      {
        "aircraft_id": null,
        "closest_asn_match": null,
        "date": "1998-07-09",
        "fatalities": null,
        "link_reason": null,
        "link_viable": true,
        "location": "SAN JUAN, PR",
        "make_model": "Airbus Industrie A-300B4-605R",
        "ntsb_url": "https://data.ntsb.gov/Docket/?NTSBNumber=MIA98IA195",
        "operator": "AMERICAN AIRLINES, INC.",
        "source_record_id": "MIA98IA195",
        "unknown_aircraft": true
      }
    ]
  },
  "skipped_deduped_asn_covered": 61,
  "skipped_missing_aircraft": 0,
  "skipped_not_boeing_airbus": 0,
  "skipped_unreleased_docket": 2992,
  "total_records": 3710,
  "unknown_aircraft_included": 3482,
  "viable_unique": 3649,
  "viable_with_broken_link": 2992,
  "viable_with_working_link": 657
}
